// Jest Snapshot v1, https://goo.gl/fbAQLP

exports[`ArticleImage tests renders correctly 1`] = `
<div>
  <img
    alt="title"
    class="image"
    src="www.google.com"
  />
</div>
`;
